stm32f3xx_ll_tim.h:4074:22:LL_TIM_ClearFlag_UPDATE	16	static
stm32f3xx_ll_tim.h:4085:26:LL_TIM_IsActiveFlag_UPDATE	16	static
stm32f3xx_ll_gpio.h:879:22:LL_GPIO_SetOutputPin	16	static
stm32f3xx_ll_gpio.h:908:22:LL_GPIO_ResetOutputPin	16	static
display.c:20:6:resetSegments	8	static
display.c:33:6:setSegments	8	static
display.c:46:6:resetDigits	8	static
display.c:56:6:setDigits	8	static
display.c:82:6:decode_7seg	16	static
display.c:106:6:setDP	8	static
display.c:112:6:displaySign	32	static
display.c:129:6:setDigit	16	static
display.c:152:6:updateDisplay	24	static
display.c:200:6:TIM3_IRQHandler	8	static
