core_cm4.h:1676:26:__NVIC_GetPriorityGrouping	4	static
core_cm4.h:1688:22:__NVIC_EnableIRQ	16	static
core_cm4.h:1816:22:__NVIC_SetPriority	16	static
core_cm4.h:1863:26:NVIC_EncodePriority	40	static
stm32f3xx_ll_bus.h:537:22:LL_APB1_GRP1_EnableClock	24	static
stm32f3xx_ll_cortex.h:273:22:LL_SYSTICK_EnableIT	4	static
stm32f3xx_ll_tim.h:1416:22:LL_TIM_EnableCounter	16	static
stm32f3xx_ll_tim.h:1596:22:LL_TIM_EnableARRPreload	16	static
stm32f3xx_ll_tim.h:2383:22:LL_TIM_OC_DisableFast	24	static
stm32f3xx_ll_tim.h:3373:22:LL_TIM_SetClockSource	16	static
stm32f3xx_ll_tim.h:3419:22:LL_TIM_SetTriggerOutput	16	static
stm32f3xx_ll_tim.h:3519:22:LL_TIM_DisableMasterSlaveMode	16	static
stm32f3xx_ll_tim.h:4421:22:LL_TIM_EnableIT_UPDATE	16	static
tim.c:24:6:Systick_Init	8	static
tim.c:36:6:MX_TIM3_Init	64	static
